// Jest Snapshot v1, https://goo.gl/fbAQLP

exports[`Search renders 1`] = `
<form
  className=""
  onSubmit={[Function]}
>
  <div
    className="input-group"
  >
    <input
      className="search-input form-control"
      onChange={[Function]}
      placeholder="Search"
      type="text"
      value=""
    />
    <button
      className="btn btn-primary search-button"
      type="submit"
    >
      🔍
    </button>
  </div>
</form>
`;

exports[`Search renders with search term 1`] = `
<form
  className=""
  onSubmit={[Function]}
>
  <div
    className="input-group"
  >
    <input
      className="search-input form-control"
      onChange={[Function]}
      placeholder="Search"
      type="text"
      value=""
    />
    <button
      className="btn btn-primary search-button"
      type="submit"
    >
      🔍
    </button>
  </div>
</form>
`;
